[win7simu.visnalize.com/index.html]
[backblue.gif]
[fade.gif]
[index.html]
[visnalize.com/assets/win7simu.png]
[win7simu.visnalize.com/splash-logo.png]
[win7simu.visnalize.com/css/about.b4710712.css]
[win7simu.visnalize.com/css/animate.css.79b2b1c3.css]
[win7simu.visnalize.com/css/bin.265b1162.css]
[win7simu.visnalize.com/css/bin_bsod_camera_computer_cpanel_ie_minesweeper_notepad_paint_photo_player_purbleplace_recorder_snipp_c59c7086.b338d31a.css]
[win7simu.visnalize.com/css/bsod.1e9af49e.css]
[win7simu.visnalize.com/css/calc.d0c3d8b5.css]
[win7simu.visnalize.com/css/camera.99e1a9a3.css]
[win7simu.visnalize.com/css/chrome.51a2a925.css]
[win7simu.visnalize.com/css/cmd.c0e158c1.css]
[win7simu.visnalize.com/css/computer.c66549a7.css]
[win7simu.visnalize.com/css/cpanel.bdcf9a3a.css]
[win7simu.visnalize.com/css/cursor.718c371d.css]
[win7simu.visnalize.com/css/dock.4cc47be7.css]
[win7simu.visnalize.com/css/dockubuntu.54eabe38.css]
[win7simu.visnalize.com/css/font-awesome.c1f65d94.css]
[win7simu.visnalize.com/css/fonts.e99382a5.css]
[win7simu.visnalize.com/css/g-battery.8da1dda7.css]
[win7simu.visnalize.com/css/g-calendar.3f37d27d.css]
[win7simu.visnalize.com/css/g-clock.c797c16b.css]
[win7simu.visnalize.com/css/g-currency.1fcd3450.css]
[win7simu.visnalize.com/css/g-weather.55ed7f15.css]
[win7simu.visnalize.com/css/gadgets.16b6b311.css]
[win7simu.visnalize.com/css/games.f826ea38.css]
[win7simu.visnalize.com/css/ie.922c49cd.css]
[win7simu.visnalize.com/css/installer.c671cdc7.css]
[win7simu.visnalize.com/css/installer_windows.fc0a34ab.css]
[win7simu.visnalize.com/css/line-awesome.cbfb425b.css]
[win7simu.visnalize.com/css/logon.708bdbe1.css]
[win7simu.visnalize.com/css/magnifier.ddfba26f.css]
[win7simu.visnalize.com/css/mediacenter.1cb636a9.css]
[win7simu.visnalize.com/css/messages.d8f94374.css]
[win7simu.visnalize.com/css/minesweeper.e89c8c91.css]
[win7simu.visnalize.com/css/mouse.7dc396e8.css]
[win7simu.visnalize.com/css/notepad.35944d33.css]
[win7simu.visnalize.com/css/notepad_themestudio.3bc078e7.css]
[win7simu.visnalize.com/css/onlinegame.b58487f9.css]
[win7simu.visnalize.com/css/paint.30c086a9.css]
[win7simu.visnalize.com/css/paint_wordpad.c398bedc.css]
[win7simu.visnalize.com/css/personalize.440cbde7.css]
[win7simu.visnalize.com/css/photo.e5d02ff2.css]
[win7simu.visnalize.com/css/player.29ecbe26.css]
[win7simu.visnalize.com/css/pricing.66f13b6d.css]
[win7simu.visnalize.com/css/purbleplace.be5b69f5.css]
[win7simu.visnalize.com/css/recorder.d26ed183.css]
[win7simu.visnalize.com/css/region.ce4666f8.css]
[win7simu.visnalize.com/css/run.19307de0.css]
[win7simu.visnalize.com/css/screensaver.8da57613.css]
[win7simu.visnalize.com/css/scss.1bd00870.css]
[win7simu.visnalize.com/css/shortcutwiz.bf7232ec.css]
[win7simu.visnalize.com/css/shutdown.fdf9001f.css]
[win7simu.visnalize.com/css/snipping.0b738aa8.css]
[win7simu.visnalize.com/css/solitaire.efa06316.css]
[win7simu.visnalize.com/css/startmenu.44696f7d.css]
[win7simu.visnalize.com/css/stickynotes.ab965191.css]
[win7simu.visnalize.com/css/taskbar.2b27b67c.css]
[win7simu.visnalize.com/css/taskmgr.988da49e.css]
[win7simu.visnalize.com/css/testbox.7145f09a.css]
[win7simu.visnalize.com/css/tetris.c2ec39ad.css]
[win7simu.visnalize.com/css/themestudio.2582d52a.css]
[win7simu.visnalize.com/css/vdr.672ebf8b.css]
[win7simu.visnalize.com/css/webapp.53071bcd.css]
[win7simu.visnalize.com/css/win7-ui.82ef4b58.css]
[win7simu.visnalize.com/css/windows.15d86d14.css]
[win7simu.visnalize.com/css/wordpad.6fddbc01.css]
[win7simu.visnalize.com/js/about.79f1f1bb.js]
[win7simu.visnalize.com/js/about_bin_bsod_calc_camera_chrome_cmd_computer_cpanel_g-battery_g-calendar_g-clock_g-currency_g-weat_ebe0d192.492e1940.js]
[win7simu.visnalize.com/js/animate.css.ef059b25.js]
[win7simu.visnalize.com/js/bin.62e6ea07.js]
[win7simu.visnalize.com/js/bin_bsod_camera_computer_cpanel_ie_minesweeper_notepad_paint_photo_player_purbleplace_recorder_snipp_c59c7086.117940da.js]
[win7simu.visnalize.com/js/bsod.5af74158.js]
[win7simu.visnalize.com/js/calc.c5135ab4.js]
[win7simu.visnalize.com/js/camera.73899d1f.js]
[win7simu.visnalize.com/js/chrome.208904cd.js]
[win7simu.visnalize.com/js/chunk-2d0a45fe.fb48a8ec.js]
[win7simu.visnalize.com/js/chunk-2d0abc10.ec583b4c.js]
[win7simu.visnalize.com/js/chunk-2d0ac931.a12f1deb.js]
[win7simu.visnalize.com/js/chunk-2d0b1fab.860ba14c.js]
[win7simu.visnalize.com/js/chunk-2d0bd1b7.6f94e3f7.js]
[win7simu.visnalize.com/js/chunk-2d0c023c.3bcfc928.js]
[win7simu.visnalize.com/js/chunk-2d0c0686.33e89abd.js]
[win7simu.visnalize.com/js/chunk-2d0c211b.92b71604.js]
[win7simu.visnalize.com/js/chunk-2d0c4bbc.057aadee.js]
[win7simu.visnalize.com/js/chunk-2d0c7ab1.437e076d.js]
[win7simu.visnalize.com/js/chunk-2d0c8407.e870494a.js]
[win7simu.visnalize.com/js/chunk-2d0cc5e4.2ffb13d9.js]
[win7simu.visnalize.com/js/chunk-2d0ccf19.e751fbf0.js]
[win7simu.visnalize.com/js/chunk-2d0cef16.033af0be.js]
[win7simu.visnalize.com/js/chunk-2d0cf315.fe03421d.js]
[win7simu.visnalize.com/js/chunk-2d0d3500.802c806e.js]
[win7simu.visnalize.com/js/chunk-2d0d3b13.e0f396e8.js]
[win7simu.visnalize.com/js/chunk-2d0d6e56.76a7740c.js]
[win7simu.visnalize.com/js/chunk-2d0d6e9b.caba1375.js]
[win7simu.visnalize.com/js/chunk-2d0e181f.77a75a01.js]
[win7simu.visnalize.com/js/chunk-2d0e2170.f100035e.js]
[win7simu.visnalize.com/js/chunk-2d0e228a.328e5e69.js]
[win7simu.visnalize.com/js/chunk-2d0e9322.b08ddb89.js]
[win7simu.visnalize.com/js/chunk-2d2077d5.0f3c889d.js]
[win7simu.visnalize.com/js/chunk-2d208e4e.b322e05a.js]
[win7simu.visnalize.com/js/chunk-2d20ff52.5a794c86.js]
[win7simu.visnalize.com/js/chunk-2d213906.9c580241.js]
[win7simu.visnalize.com/js/chunk-2d217def.aa28dd82.js]
[win7simu.visnalize.com/js/chunk-2d21a785.b01a556f.js]
[win7simu.visnalize.com/js/chunk-2d21a9aa.4f0b31be.js]
[win7simu.visnalize.com/js/chunk-2d222cca.9a595ef1.js]
[win7simu.visnalize.com/js/chunk-2d222d08.3a9f79c5.js]
[win7simu.visnalize.com/js/chunk-2d22495a.42b29ae2.js]
[win7simu.visnalize.com/js/chunk-2d2268ba.1944acdb.js]
[win7simu.visnalize.com/js/chunk-2d22895d.754ed897.js]
[win7simu.visnalize.com/js/chunk-2d22b9f9.ba68d6d7.js]
[win7simu.visnalize.com/js/chunk-2d22d38a.509ed7bb.js]
[win7simu.visnalize.com/js/chunk-2d23721e.156eb1dd.js]
[win7simu.visnalize.com/js/chunk-2d238653.7a90b3e5.js]
[win7simu.visnalize.com/js/chunk-74941e1f.cc2f5727.js]
[win7simu.visnalize.com/js/cmd.026d199d.js]
[win7simu.visnalize.com/js/computer.e1bb863c.js]
[win7simu.visnalize.com/js/core-js.7d2fdf4a.js]
[win7simu.visnalize.com/js/cpanel.2e415613.js]
[win7simu.visnalize.com/js/cursor.e0bb2a34.js]
[win7simu.visnalize.com/js/dock.af7caedd.js]
[win7simu.visnalize.com/js/dockubuntu.85f455dc.js]
[win7simu.visnalize.com/js/firebase-auth.6172616e.js]
[win7simu.visnalize.com/js/font-awesome.89d81484.js]
[win7simu.visnalize.com/js/fonts.efda2c2d.js]
[win7simu.visnalize.com/js/g-battery.71d69ffa.js]
[win7simu.visnalize.com/js/g-calendar.df266ff7.js]
[win7simu.visnalize.com/js/g-clock.ec9d250c.js]
[win7simu.visnalize.com/js/g-currency.b6412b17.js]
[win7simu.visnalize.com/js/g-weather.cc9bbb31.js]
[win7simu.visnalize.com/js/gadgets.20b5e534.js]
[win7simu.visnalize.com/js/games.3146e152.js]
[win7simu.visnalize.com/js/ie.a4641a20.js]
[win7simu.visnalize.com/js/installer.37d6053e.js]
[win7simu.visnalize.com/js/installer_windows.40527467.js]
[win7simu.visnalize.com/js/ionic-loader.d1a93ba7.js]
[win7simu.visnalize.com/js/line-awesome.ead094b3.js]
[win7simu.visnalize.com/js/localforage.a3a0fdc5.js]
[win7simu.visnalize.com/js/logon.be6d0b68.js]
[win7simu.visnalize.com/js/magnifier.27156b46.js]
[win7simu.visnalize.com/js/mediacenter.17ff6286.js]
[win7simu.visnalize.com/js/messages.bec8ea20.js]
[win7simu.visnalize.com/js/minesweeper.b053f1b0.js]
[win7simu.visnalize.com/js/mouse.67220f65.js]
[win7simu.visnalize.com/js/notepad.05f63043.js]
[win7simu.visnalize.com/js/notepad_themestudio.d7d36c0a.js]
[win7simu.visnalize.com/js/onlinegame.5526df05.js]
[win7simu.visnalize.com/js/paint.d7f9176f.js]
[win7simu.visnalize.com/js/paint_wordpad.e5d89a66.js]
[win7simu.visnalize.com/js/personalize.870d02b7.js]
[win7simu.visnalize.com/js/photo.deb7b3cb.js]
[win7simu.visnalize.com/js/player.a97ab32a.js]
[win7simu.visnalize.com/js/pricing.8bd2a221.js]
[win7simu.visnalize.com/js/purbleplace.c5eb0fd7.js]
[win7simu.visnalize.com/js/recorder.b12b29a9.js]
[win7simu.visnalize.com/js/regenerator-runtime.128b01ea.js]
[win7simu.visnalize.com/js/region.c7d1e44c.js]
[win7simu.visnalize.com/js/run.b160b90d.js]
[win7simu.visnalize.com/js/screensaver.62ef8545.js]
[win7simu.visnalize.com/js/scss.303d5a27.js]
[win7simu.visnalize.com/js/shortcutwiz.d46aa8a9.js]
[win7simu.visnalize.com/js/shutdown.e5daa5b9.js]
[win7simu.visnalize.com/js/snipping.bbae3a8a.js]
[win7simu.visnalize.com/js/solitaire.ac9fde0e.js]
[win7simu.visnalize.com/js/startmenu.5fdc66fc.js]
[win7simu.visnalize.com/js/stencil-polyfills-css-shim.942279f9.js]
[win7simu.visnalize.com/js/stencil-polyfills-dom.b5adf315.js]
[win7simu.visnalize.com/js/stickynotes.f78b8df6.js]
[win7simu.visnalize.com/js/taskbar.2ac3d8d3.js]
[win7simu.visnalize.com/js/taskmgr.06a986d1.js]
[win7simu.visnalize.com/js/testbox.d9c5f4d0.js]
[win7simu.visnalize.com/js/tetris.a903efa2.js]
[win7simu.visnalize.com/js/themestudio.abe54a76.js]
[win7simu.visnalize.com/js/vdr.f706aef5.js]
[win7simu.visnalize.com/js/webapp.bfafb7f0.js]
[win7simu.visnalize.com/js/win7-ui.ab9c9c46.js]
[win7simu.visnalize.com/js/windows.6b215188.js]
[win7simu.visnalize.com/js/wordpad.d5b3d4e8.js]
[win7simu.visnalize.com/css/app.30a44a47.css]
[win7simu.visnalize.com/css/chunk-vendors.09c1d0db.css]
[win7simu.visnalize.com/js/app.b229e326.js]
[win7simu.visnalize.com/js/chunk-vendors.6fc729eb.js]
[win7simu.visnalize.com/favicon.ico]
[win7simu.visnalize.com/app.webmanifest]
[win7simu.visnalize.com/icon-192.png]
[www.unpkg.com/@khmyznikov/pwa-install@0.5.3/dist/pwa-install.bundle.js]
[pagead2.googlesyndication.com/pagead/js/f.txt]
[win7simu.visnalize.com/choice1ed7.js]
[win7simu.visnalize.com/choice/index.html]
[win7simu.visnalize.com/js/chunk-vendors-legacy.ad751a5d.js]
[win7simu.visnalize.com/index.html]
[win7simu.visnalize.com/css/about.b4710712.css]
[win7simu.visnalize.com/css/animate.css.79b2b1c3.css]
[win7simu.visnalize.com/css/bin.265b1162.css]
[win7simu.visnalize.com/css/bin_bsod_camera_computer_cpanel_ie_minesweeper_notepad_paint_photo_player_purbleplace_recorder_snipp_c59c7086.b338d31a.css]
[win7simu.visnalize.com/css/bsod.1e9af49e.css]
[win7simu.visnalize.com/css/calc.d0c3d8b5.css]
[win7simu.visnalize.com/css/camera.99e1a9a3.css]
[win7simu.visnalize.com/css/chrome.51a2a925.css]
[win7simu.visnalize.com/css/cmd.c0e158c1.css]
[win7simu.visnalize.com/css/computer.c66549a7.css]
[win7simu.visnalize.com/css/cpanel.bdcf9a3a.css]
[win7simu.visnalize.com/css/cursor.718c371d.css]
[win7simu.visnalize.com/css/dock.4cc47be7.css]
[win7simu.visnalize.com/css/dockubuntu.54eabe38.css]
[win7simu.visnalize.com/js/app-legacy.e249c6b8.js]
[win7simu.visnalize.com/fonts/fontawesome-webfont.674f50d2.eot]
[win7simu.visnalize.com/fonts/fontawesome-webfont.674f50d2d41d.eot]
[win7simu.visnalize.com/fonts/fontawesome-webfont.af7ae505.woff2]
[win7simu.visnalize.com/fonts/fontawesome-webfont.fee66e71.woff]
[win7simu.visnalize.com/fonts/fontawesome-webfont.b06871f2.ttf]
[win7simu.visnalize.com/css/font-awesome.c1f65d94.css]
[win7simu.visnalize.com/img/fontawesome-webfont.912ec66d.svg]
[win7simu.visnalize.com/fonts/lucidacons.97a55c95.ttf]
[win7simu.visnalize.com/fonts/segoepr.d7abfa52.ttf]
[win7simu.visnalize.com/fonts/dos-vga.51458c49.ttf]
[win7simu.visnalize.com/css/fonts.e99382a5.css]
[win7simu.visnalize.com/css/g-battery.8da1dda7.css]
[win7simu.visnalize.com/css/g-calendar.3f37d27d.css]
[win7simu.visnalize.com/css/g-clock.c797c16b.css]
[win7simu.visnalize.com/css/g-currency.1fcd3450.css]
[win7simu.visnalize.com/css/g-weather.55ed7f15.css]
[win7simu.visnalize.com/css/gadgets.16b6b311.css]
[win7simu.visnalize.com/css/games.f826ea38.css]
[win7simu.visnalize.com/css/ie.922c49cd.css]
[win7simu.visnalize.com/css/installer.c671cdc7.css]
[win7simu.visnalize.com/css/installer_windows.fc0a34ab.css]
[win7simu.visnalize.com/fonts/la-brands-400.a38ca9f0.eot]
[win7simu.visnalize.com/fonts/la-brands-400.a38ca9f0d41d.eot]
[win7simu.visnalize.com/fonts/la-brands-400.54b0b4e7.woff2]
[win7simu.visnalize.com/fonts/la-brands-400.fb598c9c.woff]
[win7simu.visnalize.com/fonts/la-brands-400.bbf83f8b.ttf]
[win7simu.visnalize.com/fonts/la-regular-400.2746742c.eot]
[win7simu.visnalize.com/img/la-brands-400.9769d0a6.svg]
[win7simu.visnalize.com/fonts/la-regular-400.2746742cd41d.eot]
[win7simu.visnalize.com/fonts/la-regular-400.88d9d941.woff2]
[win7simu.visnalize.com/fonts/la-regular-400.338f6f87.woff]
[win7simu.visnalize.com/fonts/la-regular-400.87dab6ff.ttf]
[win7simu.visnalize.com/img/la-regular-400.55c57a74.svg]
[win7simu.visnalize.com/fonts/la-solid-900.8c65fd3e.eot]
[win7simu.visnalize.com/fonts/la-solid-900.8c65fd3ed41d.eot]
[win7simu.visnalize.com/fonts/la-solid-900.36fc2979.woff2]
[win7simu.visnalize.com/fonts/la-solid-900.87292218.woff]
[win7simu.visnalize.com/fonts/la-solid-900.bb49393b.ttf]
[win7simu.visnalize.com/css/line-awesome.cbfb425b.css]
[win7simu.visnalize.com/css/logon.708bdbe1.css]
[win7simu.visnalize.com/css/magnifier.ddfba26f.css]
[win7simu.visnalize.com/css/mediacenter.1cb636a9.css]
[win7simu.visnalize.com/css/messages.d8f94374.css]
[win7simu.visnalize.com/css/minesweeper.e89c8c91.css]
[win7simu.visnalize.com/css/mouse.7dc396e8.css]
[win7simu.visnalize.com/css/notepad.35944d33.css]
[win7simu.visnalize.com/css/notepad_themestudio.3bc078e7.css]
[win7simu.visnalize.com/css/onlinegame.b58487f9.css]
[win7simu.visnalize.com/css/paint.30c086a9.css]
[win7simu.visnalize.com/css/paint_wordpad.c398bedc.css]
[win7simu.visnalize.com/css/personalize.440cbde7.css]
[win7simu.visnalize.com/css/photo.e5d02ff2.css]
[win7simu.visnalize.com/css/player.29ecbe26.css]
[win7simu.visnalize.com/css/pricing.66f13b6d.css]
[win7simu.visnalize.com/css/purbleplace.be5b69f5.css]
[win7simu.visnalize.com/css/recorder.d26ed183.css]
[win7simu.visnalize.com/css/region.ce4666f8.css]
[win7simu.visnalize.com/css/run.19307de0.css]
[win7simu.visnalize.com/css/screensaver.8da57613.css]
[win7simu.visnalize.com/css/scss.1bd00870.css]
[win7simu.visnalize.com/css/shortcutwiz.bf7232ec.css]
[win7simu.visnalize.com/css/shutdown.fdf9001f.css]
[win7simu.visnalize.com/css/snipping.0b738aa8.css]
[win7simu.visnalize.com/css/solitaire.efa06316.css]
[win7simu.visnalize.com/css/startmenu.44696f7d.css]
[win7simu.visnalize.com/css/stickynotes.ab965191.css]
[win7simu.visnalize.com/css/taskbar.2b27b67c.css]
[win7simu.visnalize.com/css/taskmgr.988da49e.css]
[win7simu.visnalize.com/css/testbox.7145f09a.css]
[win7simu.visnalize.com/css/tetris.c2ec39ad.css]
[win7simu.visnalize.com/css/themestudio.2582d52a.css]
[win7simu.visnalize.com/css/vdr.672ebf8b.css]
[win7simu.visnalize.com/css/webapp.53071bcd.css]
[win7simu.visnalize.com/css/win7-ui.82ef4b58.css]
[win7simu.visnalize.com/css/windows.15d86d14.css]
[win7simu.visnalize.com/css/wordpad.6fddbc01.css]
[win7simu.visnalize.com/css/app.30a44a47.css]
[win7simu.visnalize.com/css/chunk-vendors.09c1d0db.css]
[win7simu.visnalize.com/choice/index.html]
[win7simu.visnalize.com/choice1ed7.html]
[win7simu.visnalize.com/img/fontawesome-webfont.912ec66d.svg]
[win7simu.visnalize.com/img/la-brands-400.9769d0a6.svg]
[win7simu.visnalize.com/img/la-regular-400.55c57a74.svg]
[win7simu.visnalize.com/img/la-solid-900.79be4e9f.svg]
[win7simu.visnalize.com/img/la-solid-900.79be4e9f.svg]
